../Core/Src/main.c:101:6:HAL_GPIO_EXTI_Callback	16	static
../Core/Src/main.c:125:5:main	8	static
../Core/Src/main.c:186:6:SystemClock_Config	72	static
../Core/Src/main.c:222:6:Beep	24	static
../Core/Src/main.c:232:6:state_machine	32	static
../Core/Src/main.c:369:6:enter_tracking_mode	16	static
../Core/Src/main.c:424:6:return_to_initial_position	16	static
../Core/Src/main.c:444:6:display_number	32	static
../Core/Src/main.c:460:6:display_time_on_lcd	16	static
../Core/Src/main.c:475:6:Error_Handler	4	static,ignoring_inline_asm
